Renesas Optimizing Linker (W3.07.00 )             31-Jul-2024 15:21:16

*** Options ***

-subcommand=LinkerLed_Driver_LSE.tmp
-MAKEUD="C:\Camware Electronics\Horse Mask\Belfield_KT\FW source code\Led_Driver_LSE\Led_Driver_LSE_V1.0.0\HardwareDebug/Led_Driver_LSE_l.ud" 
-device="C:/Users/vijay/.eclipse/com.renesas.platform_1435879475/DebugComp/RL78/RL78/Common/DR7F102G6C.DVF" 
-list 
-nooptimize 
-entry=_start 
-auto_section_layout 
-security_id=00000000000000000000 
-debug_monitor=07E00-07FFF 
-user_opt_byte=EF3AE8 
-ocdbg=84 
-input=".\src/smc_gen/r_bsp/board/generic_rl78_g22\stkinit.obj"
-input=".\src/smc_gen/r_bsp/mcu/all\cstart.obj"
-input=".\src/smc_gen/r_bsp/mcu/all\r_bsp_common_ccrl.obj"
-input=".\src\Led_Driver_LSE.obj"
-input=".\src/smc_gen/Config_INTC\Config_INTC.obj"
-input=".\src/smc_gen/Config_INTC\Config_INTC_user.obj"
-input=".\src/smc_gen/Config_PORT\Config_PORT.obj"
-input=".\src/smc_gen/Config_PORT\Config_PORT_user.obj"
-input=".\src/smc_gen/Config_RTC\Config_RTC.obj"
-input=".\src/smc_gen/Config_RTC\Config_RTC_user.obj"
-input=".\src/smc_gen/Config_TAU0_0\Config_TAU0_0.obj"
-input=".\src/smc_gen/Config_TAU0_0\Config_TAU0_0_user.obj"
-input=".\src/smc_gen/general\r_cg_rtc_common.obj"
-input=".\src/smc_gen/general\r_cg_systeminit.obj"
-input=".\src/smc_gen/general\r_cg_tau_common.obj"
-input=".\src/smc_gen/r_bsp/board/generic_rl78_g22\hdwinit.obj"
-input=".\src/smc_gen/r_bsp/board/generic_rl78_g22\r_bsp_init.obj"
-input=".\src/smc_gen/r_bsp/mcu/all\r_bsp_common.obj"
-input=".\src/smc_gen/r_bsp/mcu/rl78_g22\mcu_clocks.obj"
-input=".\src/smc_gen/r_pincfg\Pin.obj"
-library=".\Led_Driver_LSE.lib"
-output="Led_Driver_LSE.abs" 
-debug 
-nocompress 
-memory=high 
-rom=.data=.dataR,.sdata=.sdataR 
-nomessage 
-nologo

*** Error information ***

*** Mapping List ***

SECTION                            START      END         SIZE   ALIGN
.vect
                                  00000000  0000007f        80   0
.constf
                                  00000080  00000080         0   2
.init_array
                                  00000080  00000080         0   2
.sdata
                                  00000080  00000080         0   2
.data
                                  00000082  00000096        15   2
.option_byte
                                  000000c0  000000c3         4   1
.security_id
                                  000000c4  000000cd         a   1
.RLIB
                                  000000c4  000000c4         0   1
.SLIB
                                  000000c4  000000c4         0   1
.monitor1
                                  000000ce  000000d7         a   1
.text
                                  000000d8  00000228       151   1
.textf
                                  00000229  0000086f       647   1
.const
                                  00002000  0000204f        50   2
.monitor2
                                  00007e00  00007fff       200   1
.bss
                                  000fef00  000fef00         0   2
.dataR
                                  000fef00  000fef14        15   2
.sbss
                                  000ffe20  000ffe20         0   2
.sdataR
                                  000ffe20  000ffe20         0   2
